[06:42:31] edges: no refs for zhao2026automated: HTTP 404 for https://api.crossref.org/works/10.1145/3832783.3834356?mailto=vietanh101003%40gmail.com
[06:42:31] edges: no refs for chia2026fine: HTTP 404 for https://api.crossref.org/works/10.4230/lipics.ccc.2026.12?mailto=vietanh101003%40gmail.com
[06:42:32] edges: no refs for christandl2026plethysm: HTTP 404 for https://api.crossref.org/works/10.4230/lipics.ccc.2026.28?mailto=vietanh101003%40gmail.com
[06:42:32] edges: no refs for banakh2026infinite: HTTP 404 for https://api.crossref.org/works/10.4230/lipics.lics.2026.13?mailto=vietanh101003%40gmail.com
[06:42:33] edges: no refs for andrews2025algebraic: HTTP 404 for https://api.crossref.org/works/10.4230/lipics.ccc.2025.15?mailto=vietanh101003%40gmail.com
[06:42:33] edges: no refs for dransfeld2025fine: HTTP 404 for https://api.crossref.org/works/10.4230/lipics.esa.2025.97?mailto=vietanh101003%40gmail.com
[06:42:34] edges: no refs for poremba2024cloning: HTTP 404 for https://api.crossref.org/works/10.4230/lipics.itcs.2026.109?mailto=vietanh101003%40gmail.com
[06:42:34] edges: no refs for kallaugher2024complexity: HTTP 404 for https://api.crossref.org/works/10.4230/lipics.itcs.2025.63?mailto=vietanh101003%40gmail.com
[06:42:35] edges: no refs for chukhin2024conditional: HTTP 404 for https://api.crossref.org/works/10.4230/lipics.stacs.2026.28?mailto=vietanh101003%40gmail.com
[06:42:35] edges: no refs for agarwal2024quantum: HTTP 404 for https://api.crossref.org/works/10.4230/lipics.mfcs.2024.7?mailto=vietanh101003%40gmail.com
[06:42:36] edges: no refs for gall2024space: HTTP 404 for https://api.crossref.org/works/10.4230/lipics.ccc.2025.17?mailto=vietanh101003%40gmail.com
[06:42:36] edges: no refs for grewal2024entangled: HTTP 404 for https://api.crossref.org/works/10.4230/lipics.ccc.2024.6?mailto=vietanh101003%40gmail.com
[06:42:37] edges: no refs for aaronson2023qubit: HTTP 404 for https://api.crossref.org/works/10.4230/lipics.itcs.2024.1?mailto=vietanh101003%40gmail.com
[06:42:37] edges: no refs for caro2023classical: HTTP 404 for https://api.crossref.org/works/10.4230/lipics.itcs.2024.24?mailto=vietanh101003%40gmail.com
[06:42:38] edges: no refs for beame2023cumulative: HTTP 404 for https://api.crossref.org/works/10.4230/lipics.icalp.2023.17?mailto=vietanh101003%40gmail.com
[06:42:39] edges: no refs for dutta2023deterministic: HTTP 404 for https://api.crossref.org/works/10.4230/lipics.ccc.2021.11?mailto=vietanh101003%40gmail.com
[06:42:39] edges: no refs for dutta2023homogeneous: HTTP 404 for https://api.crossref.org/works/10.4230/lipics.itcs.2024.43?mailto=vietanh101003%40gmail.com
[06:42:39] edges: no refs for chan2023fine: HTTP 404 for https://api.crossref.org/works/10.4230/lipics.icalp.2023.89?mailto=vietanh101003%40gmail.com
[06:42:40] edges: no refs for chattopadhyay2023recursive: HTTP 404 for https://api.crossref.org/works/10.4230/lipics.itcs.2024.27?mailto=vietanh101003%40gmail.com
[06:42:41] edges: no refs for cormode2023streaming: HTTP 404 for https://api.crossref.org/works/10.4230/lipics.ccc.2024.2?mailto=vietanh101003%40gmail.com
[06:42:41] edges: no refs for apers2022quantum: HTTP 404 for https://api.crossref.org/works/10.4230/lipics.esa.2023.10?mailto=vietanh101003%40gmail.com
[06:42:41] edges: no refs for assadi2022asymptotically: HTTP 404 for https://api.crossref.org/works/10.4230/lipics.itcs.2022.9?mailto=vietanh101003%40gmail.com
[06:42:42] edges: no refs for hasegawa2022optimal: HTTP 404 for https://api.crossref.org/works/10.4230/lipics.isaac.2022.6?mailto=vietanh101003%40gmail.com
[06:42:42] edges: no refs for gesmundo2022degree: HTTP 404 for https://api.crossref.org/works/10.4230/lipics.fsttcs.2022.20?mailto=vietanh101003%40gmail.com
[06:42:43] edges: no refs for pago2022finite: HTTP 404 for https://api.crossref.org/works/10.4230/lipics.csl.2023.31?mailto=vietanh101003%40gmail.com
[06:42:43] edges: no refs for ohsaka2022gap: HTTP 404 for https://api.crossref.org/works/10.4230/lipics.stacs.2023.49?mailto=vietanh101003%40gmail.com
[06:42:44] edges: no refs for cade2022improved: HTTP 404 for https://api.crossref.org/works/10.4230/lipics.icalp.2023.32?mailto=vietanh101003%40gmail.com
[06:42:44] edges: no refs for bergamaschi2022improved: HTTP 404 for https://api.crossref.org/works/10.4230/lipics.icalp.2023.20?mailto=vietanh101003%40gmail.com
[06:42:45] edges: no refs for chattopadhyay2022lifting: HTTP 404 for https://api.crossref.org/works/10.4230/lipics.itcs.2023.33?mailto=vietanh101003%40gmail.com
[06:42:45] edges: no refs for gryaznov2022linear: HTTP 404 for https://api.crossref.org/works/10.4230/lipics.ccc.2022.4?mailto=vietanh101003%40gmail.com
[06:42:46] edges: no refs for gharibian2022quantum: HTTP 404 for https://api.crossref.org/works/10.4230/lipics.itcs.2023.53?mailto=vietanh101003%40gmail.com
[06:42:46] edges: no refs for modanese2022sublinear: HTTP 404 for https://api.crossref.org/works/10.4230/lipics.stacs.2023.29?mailto=vietanh101003%40gmail.com
[06:42:47] edges: no refs for ganian2022fine: HTTP 404 for https://api.crossref.org/works/10.4230/lipics.icalp.2022.66?mailto=vietanh101003%40gmail.com
[06:42:47] edges: no refs for frankl2021variant: HTTP 404 for https://api.crossref.org/works/10.4230/lipics.itcs.2022.72?mailto=vietanh101003%40gmail.com
[06:42:48] edges: no refs for focke2021approximately: HTTP 404 for https://api.crossref.org/works/10.1145/368963?mailto=vietanh101003%40gmail.com
[06:42:48] edges: no refs for buhrman2021limits: HTTP 404 for https://api.crossref.org/works/10.4230/lipics.itcs.2022.31?mailto=vietanh101003%40gmail.com
[06:42:49] edges: no refs for xu2021model: HTTP 404 for https://api.crossref.org/works/10.4230/lipics.concur.2021.13?mailto=vietanh101003%40gmail.com
[06:42:49] edges: no refs for brown2021rlbwt: HTTP 404 for https://api.crossref.org/works/10.4230/lipics.sea.2022.16?mailto=vietanh101003%40gmail.com
[06:42:50] edges: no refs for singer2021streaming: HTTP 404 for https://api.crossref.org/works/10.4230/lipics.approx/random.2021.17?mailto=vietanh101003%40gmail.com
[06:42:50] edges: no refs for andrews2020algebraic: HTTP 404 for https://api.crossref.org/works/10.4230/lipics.ccc.2020.37?mailto=vietanh101003%40gmail.com
[06:42:51] edges: no refs for parekh2020beating: HTTP 404 for https://api.crossref.org/works/10.4230/lipics.esa.2021.74?mailto=vietanh101003%40gmail.com
[06:42:51] edges: no refs for anshu2020circuit: HTTP 404 for https://api.crossref.org/works/10.4230/lipics.itcs.2022.6?mailto=vietanh101003%40gmail.com
[06:42:52] edges: no refs for belmonte2020grundy: HTTP 404 for https://api.crossref.org/works/10.4230/lipics.esa.2020.38?mailto=vietanh101003%40gmail.com
[06:42:52] edges: no refs for bhattacharya2020hardness: HTTP 404 for https://api.crossref.org/works/10.4230/lipics.approx/random.2021.4?mailto=vietanh101003%40gmail.com
[06:42:53] edges: no refs for wei2020hardness: HTTP 404 for https://api.crossref.org/works/10.4230/lipics.icalp.2020.102?mailto=vietanh101003%40gmail.com
[06:42:54] edges: no refs for mande2020improved: HTTP 404 for https://api.crossref.org/works/10.4230/lipics.tqc.2020.2?mailto=vietanh101003%40gmail.com
[06:42:54] edges: no refs for bordage2020interactive: HTTP 404 for https://api.crossref.org/works/10.4230/lipics.ccc.2022.30?mailto=vietanh101003%40gmail.com
[06:42:54] edges: no refs for antoniadis2020approximability: HTTP 404 for https://api.crossref.org/works/10.4230/lipics.swat.2022.10?mailto=vietanh101003%40gmail.com
[06:42:55] edges: no refs for chattopadhyay2020optimal: HTTP 404 for https://api.crossref.org/works/10.4230/lipics.ccc.2020.25?mailto=vietanh101003%40gmail.com
[06:42:55] edges: no refs for salamon2020superlinear: HTTP 404 for https://api.crossref.org/works/10.4230/lipics.stacs.2022.55?mailto=vietanh101003%40gmail.com
[06:42:56] edges: no refs for watson2020complexity: HTTP 404 for https://api.crossref.org/works/10.4230/lipics.stacs.2023.54?mailto=vietanh101003%40gmail.com
[06:42:56] edges: no refs for blanqui2020type: HTTP 404 for https://api.crossref.org/works/10.4230/lipics.fscd.2020.13?mailto=vietanh101003%40gmail.com
[06:42:57] edges: no refs for kipouridis2019longest: HTTP 404 for https://api.crossref.org/works/10.4230/lipics.cpm.2020.19?mailto=vietanh101003%40gmail.com
[06:42:57] edges: no refs for blais2019optimal: HTTP 404 for https://api.crossref.org/works/10.4230/lipics.ccc.2019.29?mailto=vietanh101003%40gmail.com
[06:42:58] edges: no refs for gharibian2019oracle: HTTP 404 for https://api.crossref.org/works/10.4230/lipics.stacs.2020.20?mailto=vietanh101003%40gmail.com
[06:42:58] edges: no refs for aaronson2019quantuma: HTTP 404 for https://api.crossref.org/works/10.4230/lipics.ccc.2020.7?mailto=vietanh101003%40gmail.com
[06:42:59] edges: no refs for garg2019search: HTTP 404 for https://api.crossref.org/works/10.4230/lipics.ccc.2020.12?mailto=vietanh101003%40gmail.com
[06:42:59] edges: no refs for coudron2019universality: HTTP 404 for https://api.crossref.org/works/10.4230/lipics.ccc.2019.20?mailto=vietanh101003%40gmail.com
[06:43:00] edges: no refs for huszr2018manifold: HTTP 404 for https://api.crossref.org/works/10.4230/lipics.socg.2019.44?mailto=vietanh101003%40gmail.com
[06:43:00] edges: no refs for nirkhe2018approximate: HTTP 404 for https://api.crossref.org/works/10.4230/lipics.icalp.2018.91?mailto=vietanh101003%40gmail.com
[06:43:01] edges: no refs for bringmann2018clique: HTTP 404 for https://api.crossref.org/works/10.4230/lipics.cpm.2017.12?mailto=vietanh101003%40gmail.com
[06:43:02] edges: no refs for grochow2018computational: HTTP 404 for https://api.crossref.org/works/10.4230/lipics.socg.2018.43?mailto=vietanh101003%40gmail.com
[06:43:02] edges: no refs for aharonov2018complexity: HTTP 404 for https://api.crossref.org/works/10.4230/lipics.tqc.2018.2?mailto=vietanh101003%40gmail.com
[06:43:02] edges: no refs for brit2018round: HTTP 404 for https://api.crossref.org/works/10.4230/lipics.tqc.2015.206?mailto=vietanh101003%40gmail.com
[06:43:03] edges: no refs for jin2018simulating: HTTP 404 for https://api.crossref.org/works/10.4230/lipics.itcs.2019.46?mailto=vietanh101003%40gmail.com
[06:43:03] edges: no refs for kanj2018solving: HTTP 404 for https://api.crossref.org/works/10.4230/lipics.esa.2018.51?mailto=vietanh101003%40gmail.com
[06:43:04] edges: no refs for burton2018parameterized: HTTP 404 for https://api.crossref.org/works/10.4230/lipics.stacs.2017.18?mailto=vietanh101003%40gmail.com
[06:43:04] edges: no refs for bhrushundi2018torus: HTTP 404 for https://api.crossref.org/works/10.4230/lipics.itcs.2019.13?mailto=vietanh101003%40gmail.com
[06:43:05] edges: no refs for madhusudan2017decidable: HTTP 404 for https://api.crossref.org/works/10.4230/lipics.csl.2018.31?mailto=vietanh101003%40gmail.com
[06:43:05] edges: no refs for backens2017complete: HTTP 404 for https://api.crossref.org/works/10.4230/lipics.icalp.2018.12?mailto=vietanh101003%40gmail.com
[06:43:06] edges: no refs for brgisser2017alternating: HTTP 404 for https://api.crossref.org/works/10.4230/lipics.itcs.2018.24?mailto=vietanh101003%40gmail.com
[06:43:06] edges: no refs for bouland2017complexity: HTTP 404 for https://api.crossref.org/works/10.4230/lipics.ccc.2018.21?mailto=vietanh101003%40gmail.com
[06:43:07] edges: no refs for goldstein2017how: HTTP 404 for https://api.crossref.org/works/10.4230/lipics.esa.2016.45?mailto=vietanh101003%40gmail.com
[06:43:07] edges: no refs for arnon2017noise: HTTP 404 for https://api.crossref.org/works/10.4230/lipics.icalp.2018.11?mailto=vietanh101003%40gmail.com
[06:43:08] edges: no refs for chen2017non: HTTP 404 for https://api.crossref.org/works/10.4230/lipics.esa.2019.29?mailto=vietanh101003%40gmail.com
[06:43:08] edges: no refs for bottesch2017relativization: HTTP 404 for https://api.crossref.org/works/10.4230/lipics.ipec.2017.9?mailto=vietanh101003%40gmail.com
[06:43:09] edges: no refs for duraj2017tight: HTTP 404 for https://api.crossref.org/works/10.4230/lipics.ipec.2017.15?mailto=vietanh101003%40gmail.com
[06:43:10] edges: no refs for dinur2016multiplayer: HTTP 404 for https://api.crossref.org/works/10.4230/lipics.itcs.2017.37?mailto=vietanh101003%40gmail.com
[06:43:10] edges: no refs for buhrman2016nondeterministic: HTTP 404 for https://api.crossref.org/works/10.4230/lipics.itcs.2017.24?mailto=vietanh101003%40gmail.com
[06:43:10] edges: no refs for forbes2016proof: HTTP 404 for https://api.crossref.org/works/10.4230/lipics.ccc.2016.32?mailto=vietanh101003%40gmail.com
[06:43:11] edges: no refs for bendavid2016randomized: HTTP 404 for https://api.crossref.org/works/10.4230/lipics.icalp.2016.60?mailto=vietanh101003%40gmail.com
[06:43:12] edges: no refs for anshu2016separating: HTTP 404 for https://api.crossref.org/works/10.4230/lipics.ccc.2017.24?mailto=vietanh101003%40gmail.com
[06:43:12] edges: no refs for childs2015optimal: HTTP 404 for https://api.crossref.org/works/10.4230/lipics.icalp.2016.16?mailto=vietanh101003%40gmail.com
[06:43:13] edges: no refs for bhangale2014characterization: HTTP 404 for https://api.crossref.org/works/10.4086/toc.2020.v016a016,?mailto=vietanh101003%40gmail.com
[06:43:13] edges: no refs for buhrman2013parallel: HTTP 404 for https://api.crossref.org/works/10.4230/lipics.tqc.2014.24?mailto=vietanh101003%40gmail.com
[06:43:14] edges: no refs for magnin2012explicit: HTTP 404 for https://api.crossref.org/works/10.4230/lipics.stacs.2013.434?mailto=vietanh101003%40gmail.com
[06:43:14] edges: no refs for grenet2011limited: HTTP 404 for https://api.crossref.org/works/10.4230/lipics.fsttcs.2011.127?mailto=vietanh101003%40gmail.com
[06:43:14] edges: no refs for childs2010quantum: HTTP 404 for https://api.crossref.org/works/10.4230/lipics.stacs.2011.661?mailto=vietanh101003%40gmail.com
[06:43:15] edges: no refs for blanqui2006decidability: HTTP 404 for https://api.crossref.org/works/10.1007/11538363\_11?mailto=vietanh101003%40gmail.com
[06:43:15] edges.csv: 2716 edges; reach: {'papers_without_doi': 1256, 'papers_queried': 1819, 'references_seen': 60283, 'references_unstructured': 16044, 'references_outside_library': 41408, 'papers_without_references': 89, 'edges': 2716}
[06:43:55] 3164 papers; 3106 with an abstract, 1908 with a DOI, 0 uncategorized
