[20:42:04] 300 papers selected; 1 already extracted, 30 examples on file
[20:42:06] [1/300] 2602.08441 ok: 22 examples (118949 chars)
[20:42:20] [2/300] 1907.08355 ok: 32 examples (110713 chars)
[20:42:22] [3/300] 2504.19966 ok: 82 examples (193689 chars)
[20:42:30] [4/300] 1902.07699 ok: 29 examples (107448 chars)
[20:42:38] [5/300] 1904.08914 ok: 32 examples (166693 chars)
[20:42:46] [6/300] 2310.14160 ok: 34 examples (139961 chars)
[20:42:55] [7/300] 2502.06621 ok: 43 examples (202758 chars)
[20:43:01] [8/300] 1706.06407 ok: 12 examples (81412 chars)
[20:43:19] [9/300] 1610.08349 ok: 15 examples (57823 chars)
[20:43:22] [10/300] 2410.23958 ok: 50 examples (224857 chars)
[20:43:28] [11/300] 2601.09702 ok: 0 examples (37371 chars)
[20:43:36] [12/300] 1207.0904 ok: 13 examples (77923 chars)
[20:43:44] [13/300] 2601.22393 ok: 29 examples (119783 chars)
[20:43:55] [14/300] 0904.2759 ok: 78 examples (242181 chars)
[20:44:01] [15/300] 2302.14066 ok: 30 examples (159349 chars)
[20:44:10] [16/300] 2602.12668 ok: 76 examples (166829 chars)
[20:44:16] [17/300] 1110.1821 ok: 5 examples (23286 chars)
[20:44:25] [18/300] 2103.03238 ok: 35 examples (221085 chars)
[20:44:34] [19/300] 2504.19054 ok: 55 examples (249817 chars)
[20:44:41] [20/300] 2601.10197 ok: 22 examples (86345 chars)
[20:44:48] [21/300] 2203.14379 ok: 34 examples (132437 chars)
[20:44:56] [22/300] 1811.10525 ok: 44 examples (67800 chars)
[20:45:04] [23/300] 2601.05166 ok: 4 examples (41740 chars)
[20:45:14] [24/300] 1308.0776 ok: 62 examples (276367 chars)
[20:45:21] [25/300] 2504.16820 ok: 39 examples (129577 chars)
[20:45:28] [26/300] 2602.14379 ok: 31 examples (116580 chars)
[20:45:38] [27/300] 1412.4413 ok: 24 examples (73306 chars)
[20:45:45] [28/300] 2303.01952 ok: 50 examples (144975 chars)
[20:45:52] [29/300] 2604.16389 ok: 9 examples (32964 chars)
[20:46:06] [30/300] cs/9907033 ok: 20 examples (82257 chars)
[20:46:09] [31/300] 2602.16810 ok: 33 examples (90489 chars)
[20:46:16] [32/300] 2401.01453 ok: 30 examples (91180 chars)
[20:46:24] [33/300] 2602.01042 ok: 17 examples (36516 chars)
[20:46:32] [34/300] 2602.14320 ok: 39 examples (95743 chars)
[20:46:40] [35/300] cs/9907036 ok: 10 examples (85298 chars)
[20:46:50] [36/300] 2011.01929 ok: 47 examples (263479 chars)
[20:46:58] [37/300] 2412.20114 ok: 71 examples (217463 chars)
[20:47:05] [38/300] 2604.07278 ok: 38 examples (60203 chars)
[20:47:16] [39/300] 2002.08533 ok: 56 examples (136531 chars)
[20:47:21] [40/300] 1605.01142 ok: 62 examples (141038 chars)
[20:47:29] [41/300] 2602.18238 ok: 64 examples (176841 chars)
[20:47:37] [42/300] 2604.27142 ok: 29 examples (82825 chars)
[20:47:45] [43/300] 2507.08693 ok: 51 examples (86410 chars)
[20:47:52] [44/300] 2207.07426 ok: 18 examples (62102 chars)
[20:48:01] [45/300] 1411.7747 ok: 31 examples (106455 chars)
[20:48:10] [46/300] 2306.04843 ok: 64 examples (339183 chars)
[20:48:17] [47/300] 2606.13576 ok: 49 examples (185290 chars)
[20:48:25] [48/300] 2602.00644 ok: 37 examples (96008 chars)
[20:48:32] [49/300] 2604.01041 ok: 43 examples (115639 chars)
[20:48:41] [50/300] 2401.06725 ok: 29 examples (129038 chars)
[20:48:49] [51/300] 2501.00831 ok: 47 examples (129572 chars)
[20:48:56] [52/300] 2604.02606 gone: 0 examples (0 chars)
[20:49:04] [53/300] cs/9909020 ok: 11 examples (77290 chars)
[20:49:13] [54/300] 1102.2280 ok: 30 examples (131090 chars)
[20:49:21] [55/300] 2311.17019 ok: 18 examples (108550 chars)
[20:49:30] [56/300] 2604.27336 ok: 124 examples (284684 chars)
[20:49:36] [57/300] quant-ph/0501057 ok: 38 examples (83685 chars)
[20:49:45] [58/300] 1611.08946 ok: 42 examples (113281 chars)
[20:49:53] [59/300] 2604.05161 ok: 79 examples (178843 chars)
[20:50:00] [60/300] 2605.08797 ok: 35 examples (65945 chars)
[20:50:09] [61/300] 2507.11080 ok: 94 examples (182710 chars)
[20:50:17] [62/300] 1911.01973 ok: 64 examples (148141 chars)
[20:50:26] [63/300] 1205.4484 ok: 60 examples (236532 chars)
[20:50:34] [64/300] 2011.04295 ok: 43 examples (145995 chars)
[20:50:42] [65/300] 2508.13200 ok: 77 examples (219294 chars)
[20:50:48] [66/300] 2602.06903 ok: 9 examples (60986 chars)
[20:50:56] [67/300] 2606.13367 ok: 5 examples (21889 chars)
[20:51:05] [68/300] 2311.06999 ok: 57 examples (145345 chars)
[20:51:12] [69/300] 2502.05325 ok: 7 examples (106934 chars)
[20:51:20] [70/300] 2604.21922 ok: 10 examples (80734 chars)
[20:51:28] [71/300] cs/9910007 ok: 14 examples (58525 chars)
[20:51:37] [72/300] 2602.10096 ok: 30 examples (88852 chars)
[20:51:47] [73/300] 2211.01062 ok: 69 examples (252173 chars)
[20:51:53] [74/300] 2605.10056 ok: 40 examples (80007 chars)
[20:52:02] [75/300] 1504.03398 ok: 68 examples (203845 chars)
[20:52:10] [76/300] 1204.1505 ok: 22 examples (77612 chars)
[20:52:17] [77/300] 2604.19266 ok: 61 examples (116116 chars)
[20:52:26] [78/300] 2605.09648 ok: 67 examples (181637 chars)
[20:52:33] [79/300] 2510.17344 ok: 24 examples (207528 chars)
[20:52:44] [80/300] 1907.12119 ok: 25 examples (60427 chars)
[20:52:49] [81/300] 0910.5765 ok: 4 examples (34561 chars)
[20:52:59] [82/300] 1604.02804 ok: 10 examples (161391 chars)
[20:53:05] [83/300] 2510.01953 ok: 23 examples (40047 chars)
[20:53:13] [84/300] 2602.10253 ok: 26 examples (151586 chars)
[20:53:21] [85/300] 2606.27931 ok: 62 examples (144891 chars)
[20:53:28] [86/300] 2207.10250 ok: 15 examples (71051 chars)
[20:53:38] [87/300] 2504.02115 ok: 70 examples (271949 chars)
[20:53:45] [88/300] 2605.09814 ok: 50 examples (137632 chars)
[20:53:57] [89/300] 2602.09573 ok: 12 examples (68029 chars)
[20:54:00] [90/300] 2602.16016 ok: 18 examples (81360 chars)
[20:54:08] [91/300] 1910.01251 ok: 23 examples (78815 chars)
[20:54:16] [92/300] 2605.10941 ok: 41 examples (114602 chars)
[20:54:25] [93/300] 1911.08297 ok: 61 examples (192144 chars)
[20:54:33] [94/300] 1005.0644 ok: 30 examples (121487 chars)
[20:54:42] [95/300] 2502.02012 ok: 66 examples (154642 chars)
[20:55:01] [96/300] 2606.21298 ok: 12 examples (49920 chars)
[20:55:04] [97/300] 2409.07285 ok: 53 examples (109297 chars)
[20:55:11] [98/300] 1812.09120 ok: 37 examples (99682 chars)
[20:55:18] [99/300] 2605.09872 ok: 36 examples (69611 chars)
[20:55:26] [100/300] 1509.09180 ok: 14 examples (126870 chars)
[20:55:41] [101/300] 2512.11820 ok: 370 examples (850649 chars)
[20:55:43] [102/300] 2604.25321 ok: 60 examples (119702 chars)
[20:55:50] [103/300] 2506.07700 ok: 20 examples (57775 chars)
[20:55:58] [104/300] 2111.09079 ok: 22 examples (99513 chars)
[20:56:07] [105/300] 2510.04973 ok: 58 examples (166907 chars)
[20:56:15] [106/300] 2606.07205 ok: 56 examples (192567 chars)
[20:56:22] [107/300] 2603.22211 ok: 6 examples (26040 chars)
[20:56:30] [108/300] 2602.18380 ok: 50 examples (148108 chars)
[20:56:39] [109/300] 1806.06097 ok: 31 examples (92847 chars)
[20:56:47] [110/300] 2606.04257 ok: 50 examples (156821 chars)
[20:56:55] [111/300] 2309.12912 ok: 36 examples (153206 chars)
[20:57:02] [112/300] 0808.2662 ok: 12 examples (64150 chars)
[20:57:13] [113/300] 2502.05597 ok: 68 examples (132536 chars)
[20:57:19] [114/300] 2502.07308 ok: 52 examples (155467 chars)
[20:57:26] [115/300] 2405.10774 ok: 51 examples (138588 chars)
[20:57:35] [116/300] 1704.03928 ok: 45 examples (134927 chars)
[20:57:43] [117/300] 2605.10010 ok: 40 examples (102668 chars)
[20:57:51] [118/300] 1308.5788 ok: 28 examples (123799 chars)
[20:58:09] eprint HTTP 429 1708.03486 1/4 in 5s
[20:58:16] [119/300] 1708.03486 ok: 6 examples (100056 chars)
[20:58:23] [120/300] 2604.25585 ok: 33 examples (70820 chars)
[20:58:33] [121/300] 2506.16956 ok: 70 examples (285463 chars)
[20:58:40] [122/300] 1909.10303 ok: 54 examples (121108 chars)
[20:58:47] [123/300] 2412.06395 ok: 26 examples (55421 chars)
[20:58:56] [124/300] 2608.06077 ok: 31 examples (195009 chars)
[20:59:03] [125/300] 2604.26972 ok: 11 examples (38008 chars)
[20:59:11] [126/300] 2603.11270 ok: 28 examples (100970 chars)
[20:59:19] [127/300] 1812.06952 ok: 26 examples (99526 chars)
[20:59:28] [128/300] 2606.05834 ok: 12 examples (62485 chars)
[20:59:35] [129/300] 2401.01633 ok: 41 examples (105095 chars)
[20:59:43] [130/300] 0706.3265 ok: 16 examples (43485 chars)
[20:59:52] [131/300] 2504.01354 ok: 81 examples (132295 chars)
[20:59:59] [132/300] 2503.11131 ok: 13 examples (29396 chars)
[21:00:07] [133/300] 2302.00541 ok: 23 examples (61105 chars)
[21:00:16] [134/300] 1712.00942 ok: 38 examples (120314 chars)
[21:00:24] [135/300] 2605.23517 ok: 29 examples (108933 chars)
[21:00:32] [136/300] 1211.6120 ok: 17 examples (119012 chars)
[21:00:39] [137/300] 1602.03332 ok: 21 examples (53075 chars)
[21:00:48] [138/300] 2605.06262 ok: 24 examples (139859 chars)
[21:00:56] [139/300] 2509.06928 ok: 25 examples (94079 chars)
[21:01:04] [140/300] 1805.11139 ok: 41 examples (108599 chars)
[21:01:11] [141/300] 2309.15026 ok: 19 examples (46318 chars)
[21:01:19] [142/300] 2502.15330 ok: 21 examples (102748 chars)
[21:01:27] [143/300] 2605.22758 ok: 14 examples (35458 chars)
[21:01:35] [144/300] 2606.00951 ok: 45 examples (92126 chars)
[21:01:43] [145/300] 1807.06323 ok: 19 examples (93095 chars)
[21:01:51] [146/300] 2606.16134 ok: 0 examples (67466 chars)
[21:02:00] [147/300] 2309.16475 ok: 44 examples (199269 chars)
[21:02:07] [148/300] quant-ph/0610085 ok: 2 examples (32908 chars)
[21:02:17] [149/300] 2504.14074 ok: 51 examples (238383 chars)
[21:02:23] [150/300] 2503.13699 ok: 19 examples (93721 chars)
[21:02:33] [151/300] 2305.09538 ok: 40 examples (463403 chars)
[21:02:40] [152/300] 2601.16182 ok: 13 examples (18322 chars)
[21:02:57] eprint HTTP 429 2605.25464 1/4 in 5s
[21:03:05] [153/300] 2605.25464 ok: 17 examples (46088 chars)
[21:03:16] [154/300] 1210.1290 ok: 35 examples (196121 chars)
[21:03:21] [155/300] 1406.7658 ok: 21 examples (70228 chars)
[21:03:28] [156/300] 2605.14007 ok: 24 examples (88878 chars)
[21:03:36] [157/300] 2511.08050 ok: 28 examples (112000 chars)
[21:03:45] [158/300] 1801.03821 ok: 53 examples (220506 chars)
[21:03:52] [159/300] 2209.12877 ok: 41 examples (104552 chars)
[21:03:59] [160/300] 2502.17779 ok: 17 examples (97510 chars)
[21:04:07] [161/300] 2606.26162 ok: 11 examples (125426 chars)
[21:04:15] [162/300] 2606.18194 ok: 32 examples (96055 chars)
[21:04:24] [163/300] 1701.05328 ok: 57 examples (134865 chars)
[21:04:31] [164/300] 2607.22088 ok: 24 examples (70244 chars)
[21:04:39] [165/300] 2302.10332 ok: 21 examples (87196 chars)
[21:04:47] [166/300] quant-ph/0611209 ok: 6 examples (53637 chars)
