[03:48:52] 2439 papers selected; 501 already extracted, 18615 examples on file
[03:48:53] [1/2439] 2602.08441 ok: 22 examples (118949 chars)
[03:48:54] [2/2439] 1907.08355 ok: 32 examples (110713 chars)
[03:48:56] [3/2439] 2504.19966 ok: 81 examples (193689 chars)
[03:48:57] [4/2439] 1902.07699 ok: 29 examples (107448 chars)
[03:48:58] [5/2439] 1904.08914 ok: 32 examples (166693 chars)
[03:49:00] [6/2439] 2310.14160 ok: 34 examples (139961 chars)
[03:49:02] [7/2439] 2502.06621 ok: 43 examples (202758 chars)
[03:49:03] [8/2439] 1706.06407 ok: 29 examples (81412 chars)
[03:49:03] [9/2439] 1610.08349 ok: 15 examples (57823 chars)
[03:49:05] [10/2439] 2410.23958 ok: 47 examples (224857 chars)
[03:49:06] [11/2439] 2601.09702 ok: 0 examples (37371 chars)
[03:49:06] [12/2439] 1207.0904 ok: 13 examples (77923 chars)
[03:49:07] [13/2439] 2601.22393 ok: 29 examples (119783 chars)
[03:49:10] [14/2439] 0904.2759 ok: 78 examples (242181 chars)
[03:49:12] [15/2439] 2302.14066 ok: 30 examples (159349 chars)
[03:49:14] [16/2439] 2602.12668 ok: 76 examples (166829 chars)
[03:49:15] [17/2439] 1110.1821 ok: 5 examples (23286 chars)
[03:49:16] [18/2439] 2103.03238 ok: 35 examples (221085 chars)
[03:49:19] [19/2439] 2504.19054 ok: 55 examples (249817 chars)
[03:49:19] [20/2439] 2601.10197 ok: 22 examples (86345 chars)
[03:49:20] [21/2439] 2310.17762 ok: 30 examples (45591 chars)
[03:49:21] [22/2439] 1811.10525 ok: 44 examples (67800 chars)
[03:49:21] [23/2439] 2601.05166 ok: 4 examples (41740 chars)
[03:49:24] [24/2439] 1308.0776 ok: 62 examples (276367 chars)
[03:49:25] [25/2439] 2504.16820 ok: 39 examples (129577 chars)
Traceback (most recent call last):
  File "/home/user/complexity-theory/scripts/run.py", line 751, in <module>
    main()
  File "/home/user/complexity-theory/scripts/run.py", line 747, in main
    (stats if getattr(a, "action", None) == "stats" else a.f)(a)
  File "/home/user/complexity-theory/scripts/run.py", line 402, in extract_cmd
    if i % SAVE_EVERY_PAPERS == 0: flush()
                                   ^^^^^^^
  File "/home/user/complexity-theory/scripts/run.py", line 368, in flush
    save_jsonl(EXAMPLES, [e for p in sorted(by_paper) for e in by_paper[p]])
  File "/home/user/complexity-theory/scripts/lib.py", line 87, in save_jsonl
    tmp.replace(p)
  File "/usr/lib/python3.11/pathlib.py", line 1188, in replace
    os.replace(self, target)
FileNotFoundError: [Errno 2] No such file or directory: '/home/user/complexity-theory/papers/examples.jsonl.tmp' -> '/home/user/complexity-theory/papers/examples.jsonl'
s)
[03:49:10] [41/2439] 2602.18238 ok: 64 examples (176841 chars)
[03:49:11] [42/2439] 2604.27142 ok: 28 examples (82825 chars)
[03:49:12] [43/2439] 2507.08693 ok: 51 examples (86410 chars)
[03:49:12] [44/2439] 2207.07426 ok: 18 examples (62102 chars)
[03:49:13] [45/2439] 1411.7747 ok: 31 examples (106455 chars)
[03:49:16] [46/2439] 2306.04843 ok: 64 examples (339183 chars)
[03:49:18] [47/2439] 2606.13576 ok: 49 examples (185290 chars)
[03:49:19] [48/2439] 2602.00644 ok: 37 examples (96008 chars)
[03:49:20] [49/2439] 2604.01041 ok: 43 examples (115639 chars)
[03:49:21] [50/2439] 2401.06725 ok: 28 examples (129038 chars)
[03:49:23] [51/2439] 2501.00831 ok: 47 examples (129572 chars)
[03:49:23] [53/2439] cs/9909020 ok: 11 examples (77290 chars)
[03:49:24] [54/2439] 1102.2280 ok: 30 examples (131090 chars)
[03:49:25] [55/2439] 2311.17019 ok: 18 examples (108550 chars)
[03:49:28] [56/2439] 2604.27336 ok: 124 examples (284684 chars)
[03:49:29] [57/2439] 2002.08533 ok: 56 examples (136531 chars)
[03:49:30] [58/2439] 1611.08946 ok: 42 examples (113281 chars)
[03:49:32] [59/2439] 2604.05161 ok: 79 examples (178843 chars)
[03:49:33] [60/2439] 2605.08797 ok: 35 examples (65945 chars)
[03:49:35] [61/2439] 2507.11080 ok: 94 examples (182710 chars)
[03:49:36] [62/2439] 1911.01973 ok: 64 examples (148141 chars)
[03:49:39] [63/2439] 1205.4484 ok: 60 examples (236532 chars)
[03:49:41] [64/2439] 2011.04295 ok: 43 examples (145995 chars)
[03:49:43] [65/2439] 2508.13200 ok: 77 examples (219294 chars)
[03:49:43] [66/2439] 2602.06903 ok: 9 examples (60986 chars)
[03:49:44] [67/2439] 2606.13367 ok: 5 examples (21889 chars)
[03:49:45] [68/2439] 2311.06999 ok: 57 examples (145345 chars)
[03:49:46] [69/2439] 2502.05325 ok: 7 examples (106934 chars)
[03:49:46] [70/2439] 2604.21922 ok: 10 examples (80734 chars)
[03:49:47] [71/2439] cs/9910007 ok: 14 examples (58525 chars)
[03:49:48] [72/2439] 2602.10096 ok: 30 examples (88852 chars)
[03:49:50] [73/2439] 2211.01062 ok: 69 examples (252173 chars)
[03:49:52] [74/2439] 2605.10056 ok: 40 examples (80007 chars)
[03:49:53] [75/2439] quant-ph/0501057 ok: 38 examples (83685 chars)
[03:49:54] [76/2439] 1204.1505 ok: 22 examples (77612 chars)
[03:49:55] [77/2439] 2604.19266 ok: 61 examples (116116 chars)
[03:49:57] [78/2439] 2605.09648 ok: 65 examples (181637 chars)
[03:49:58] [79/2439] 2510.17344 ok: 24 examples (207528 chars)
[03:49:59] [80/2439] 1907.12119 ok: 25 examples (60427 chars)
[03:49:59] [81/2439] 0910.5765 ok: 4 examples (34561 chars)
[03:50:00] [82/2439] 1604.02804 ok: 10 examples (161391 chars)
[03:50:01] [83/2439] 2510.01953 ok: 23 examples (40047 chars)
[03:50:02] [84/2439] 2602.10253 ok: 25 examples (151586 chars)
[03:50:03] [85/2439] 2606.27931 ok: 60 examples (144891 chars)
[03:50:04] [86/2439] 2207.10250 ok: 15 examples (71051 chars)
[03:50:07] [87/2439] 2504.02115 ok: 70 examples (271949 chars)
[03:50:08] [88/2439] 2605.09814 ok: 50 examples (137632 chars)
[03:50:09] [89/2439] 2602.09573 ok: 12 examples (68029 chars)
[03:50:09] [90/2439] 2602.16016 ok: 18 examples (81360 chars)
[03:50:10] [91/2439] 1910.01251 ok: 23 examples (78815 chars)
[03:50:11] [92/2439] 2605.10941 ok: 41 examples (114602 chars)
[03:50:13] [93/2439] 1504.03398 ok: 68 examples (203845 chars)
[03:50:14] [94/2439] 1005.0644 ok: 30 examples (121487 chars)
[03:50:15] [95/2439] 2502.02012 ok: 66 examples (154642 chars)
[03:50:16] [96/2439] 2606.21298 ok: 11 examples (49920 chars)
[03:50:17] [97/2439] 2409.07285 ok: 53 examples (109297 chars)
[03:50:18] [98/2439] 1812.09120 ok: 37 examples (99682 chars)
[03:50:19] [99/2439] 2605.09872 ok: 36 examples (69611 chars)
[03:50:20] [100/2439] 1509.09180 ok: 14 examples (126870 chars)
[03:50:27] [101/2439] 2512.11820 ok: 370 examples (850649 chars)
[03:50:29] [102/2439] 2604.25321 ok: 60 examples (119702 chars)
[03:50:29] [103/2439] 2506.07700 ok: 20 examples (57775 chars)
[03:50:31] [104/2439] 2111.09079 ok: 22 examples (99513 chars)
[03:50:40] [105/2439] 2510.04973 ok: 58 examples (166907 chars)
[03:50:50] [106/2439] 2606.07205 ok: 56 examples (192567 chars)
[03:50:50] [107/2439] 2603.22211 ok: 6 examples (26040 chars)
[03:50:52] [108/2439] 2602.18380 ok: 50 examples (148108 chars)
[03:50:53] [109/2439] 1806.06097 ok: 31 examples (92847 chars)
[03:50:55] [110/2439] 2606.04257 ok: 50 examples (156821 chars)
[03:50:58] [111/2439] 1911.08297 ok: 61 examples (192144 chars)
[03:50:58] [112/2439] 0808.2662 ok: 12 examples (64150 chars)
[03:51:00] [113/2439] 2502.05597 ok: 68 examples (132536 chars)
[03:51:02] [114/2439] 2502.07308 ok: 52 examples (155467 chars)
[03:51:03] [115/2439] 2405.10774 ok: 51 examples (138588 chars)
[03:51:05] [116/2439] 1704.03928 ok: 45 examples (134927 chars)
[03:51:06] [117/2439] 2605.10010 ok: 40 examples (102668 chars)
[03:51:07] [118/2439] 1308.5788 ok: 28 examples (123799 chars)
[03:51:08] [119/2439] 1708.03486 ok: 6 examples (100056 chars)
[03:51:08] [120/2439] 2604.25585 ok: 33 examples (70820 chars)
[03:51:12] [121/2439] 2506.16956 ok: 70 examples (285463 chars)
[03:51:13] [122/2439] 1909.10303 ok: 54 examples (121108 chars)
[03:51:14] [123/2439] 2412.06395 ok: 26 examples (55421 chars)
[03:51:16] [124/2439] 2608.06077 ok: 31 examples (195009 chars)
[03:51:16] [125/2439] 2604.26972 ok: 11 examples (38008 chars)
[03:51:17] [126/2439] 2603.11270 ok: 28 examples (100970 chars)
[03:51:18] [127/2439] 1812.06952 ok: 26 examples (99526 chars)
[03:51:19] [128/2439] 2606.05834 ok: 12 examples (62485 chars)
[03:51:20] [129/2439] 2309.12912 ok: 36 examples (153206 chars)
[03:51:20] [130/2439] 0706.3265 ok: 16 examples (43485 chars)
[03:51:22] [131/2439] 2504.01354 ok: 80 examples (132295 chars)
[03:51:23] [132/2439] 2503.11131 ok: 13 examples (29396 chars)
[03:51:23] [133/2439] 2302.00541 ok: 23 examples (61105 chars)
[03:51:24] [134/2439] 1712.00942 ok: 38 examples (120314 chars)
[03:51:25] [135/2439] 2605.23517 ok: 29 examples (108933 chars)
[03:51:27] [136/2439] 1211.6120 ok: 17 examples (119012 chars)
[03:51:27] [137/2439] 1602.03332 ok: 21 examples (53075 chars)
[03:51:28] [138/2439] 2605.06262 ok: 24 examples (139859 chars)
[03:51:29] [139/2439] 2509.06928 ok: 25 examples (94079 chars)
[03:51:30] [140/2439] 1805.11139 ok: 40 examples (108599 chars)
[03:51:31] [141/2439] 2309.15026 ok: 19 examples (46318 chars)
[03:51:32] [142/2439] 2502.15330 ok: 21 examples (102748 chars)
[03:51:32] [143/2439] 2605.22758 ok: 14 examples (35458 chars)
[03:51:33] [144/2439] 2606.00951 ok: 45 examples (92126 chars)
[03:51:34] [145/2439] 1807.06323 ok: 19 examples (93095 chars)
[03:51:34] [146/2439] 2606.16134 ok: 0 examples (67466 chars)
[03:51:35] [147/2439] 2401.01633 ok: 41 examples (105095 chars)
[03:51:35] [148/2439] quant-ph/0610085 ok: 2 examples (32908 chars)
[03:51:38] [149/2439] 2504.14074 ok: 51 examples (238383 chars)
[03:51:38] [150/2439] 2503.13699 ok: 19 examples (93721 chars)
[03:51:42] [151/2439] 2305.09538 ok: 40 examples (463403 chars)
[03:51:42] [152/2439] 2601.16182 ok: 13 examples (18322 chars)
[03:51:42] [153/2439] 2605.25464 ok: 17 examples (46088 chars)
[03:51:44] [154/2439] 1210.1290 ok: 35 examples (196121 chars)
[03:51:45] [155/2439] 1406.7658 ok: 25 examples (70228 chars)
[03:51:46] [156/2439] 2605.14007 ok: 24 examples (88878 chars)
[03:51:47] [157/2439] 2511.08050 ok: 28 examples (112000 chars)
[03:51:49] [158/2439] 1801.03821 ok: 53 examples (220506 chars)
[03:51:51] [159/2439] 2209.12877 ok: 41 examples (104552 chars)
[03:51:51] [160/2439] 2502.17779 ok: 17 examples (97510 chars)
[03:51:53] [161/2439] 2606.26162 ok: 11 examples (125426 chars)
[03:51:53] [162/2439] 2606.18194 ok: 32 examples (96055 chars)
[03:51:55] [163/2439] 1701.05328 ok: 57 examples (134865 chars)
[03:51:55] [164/2439] 2607.22088 ok: 24 examples (70244 chars)
[03:51:57] [165/2439] 2309.16475 ok: 45 examples (199269 chars)
[03:51:58] [166/2439] quant-ph/0611209 ok: 6 examples (53637 chars)
[03:52:00] [167/2439] 2507.12244 ok: 51 examples (171640 chars)
[03:52:00] [168/2439] 2504.08444 ok: 29 examples (51215 chars)
[03:52:03] [169/2439] 2309.15654 ok: 87 examples (224849 chars)
[03:52:04] [170/2439] 2602.05186 ok: 7 examples (41310 chars)
[03:52:05] [171/2439] 2605.27098 ok: 21 examples (85150 chars)
[03:52:05] [172/2439] 1004.0411 ok: 5 examples (58286 chars)
[03:52:06] [173/2439] 1009.5104 ok: 19 examples (60205 chars)
[03:52:06] [174/2439] 2605.19055 ok: 27 examples (89160 chars)
[03:52:07] [175/2439] 2511.14657 ok: 28 examples (98283 chars)
[03:52:10] [176/2439] 1710.09079 ok: 75 examples (197140 chars)
[03:52:12] [177/2439] 2211.12441 ok: 72 examples (216214 chars)
[03:52:13] [178/2439] 2503.12996 ok: 28 examples (82390 chars)
[03:52:13] [179/2439] 2608.05613 ok: 9 examples (19332 chars)
[03:52:14] [180/2439] 2607.10897 ok: 25 examples (133189 chars)
[03:52:16] [181/2439] 1711.08039 ok: 44 examples (171430 chars)
[03:52:16] [182/2439] 2607.26028 ok: 17 examples (56774 chars)
[03:52:17] [183/2439] 2302.10332 ok: 19 examples (87196 chars)
[03:52:18] [184/2439] quant-ph/0402095 ok: 18 examples (99968 chars)
[03:52:19] [185/2439] 2508.00396 ok: 41 examples (122093 chars)
[03:52:20] [186/2439] 2504.09991 ok: 29 examples (89318 chars)
[03:52:21] [187/2439] 2201.00913 ok: 50 examples (193107 chars)
[03:52:22] [188/2439] 2603.09846 ok: 24 examples (94133 chars)
[03:52:23] [189/2439] 2606.07453 ok: 46 examples (111617 chars)
[03:52:24] [190/2439] 1011.2787 ok: 14 examples (109069 chars)
[03:52:25] [191/2439] quant-ph/0311189 ok: 23 examples (51872 chars)
[03:52:25] [192/2439] 2606.11283 ok: 31 examples (88879 chars)
[03:52:26] [193/2439] 2506.20221 ok: 5 examples (25453 chars)
[03:52:27] [194/2439] 1510.02082 ok: 57 examples (145134 chars)
[03:52:27] [195/2439] 2101.08600 ok: 17 examples (40433 chars)
[03:52:28] [196/2439] 2505.00181 ok: 24 examples (50668 chars)
[03:52:30] [197/2439] 2503.19188 ok: 45 examples (107815 chars)
[03:52:32] [198/2439] 2608.01889 ok: 110 examples (201885 chars)
[03:52:38] [199/2439] 1606.05050 ok: 105 examples (293802 chars)
[03:52:41] [200/2439] 2607.29672 ok: 62 examples (223713 chars)
[03:52:53] [201/2439] 2212.09285 ok: 22 examples (100289 chars)
[03:52:53] [202/2439] cs/0001014 ok: 14 examples (72104 chars)
[03:52:55] [203/2439] 2508.19794 ok: 51 examples (198723 chars)
[03:52:57] [204/2439] 2510.01333 ok: 51 examples (151247 chars)
[03:52:58] [205/2439] 2207.01024 ok: 26 examples (100840 chars)
[03:53:03] [206/2439] 2603.12999 ok: 59 examples (270749 chars)
[03:53:04] [207/2439] 2606.09588 ok: 61 examples (166396 chars)
[03:53:05] [208/2439] 0806.3982 ok: 12 examples (60990 chars)
[03:53:06] [209/2439] 2311.10634 ok: 59 examples (139811 chars)
[03:53:07] [210/2439] 2606.18807 ok: 14 examples (67027 chars)
[03:53:09] [211/2439] 2401.12604 ok: 68 examples (140580 chars)
[03:53:09] [212/2439] 1511.01937 ok: 28 examples (126094 chars)
[03:53:10] [213/2439] 2105.08309 ok: 13 examples (110743 chars)
[03:53:12] [214/2439] 2505.00894 ok: 31 examples (163184 chars)
[03:53:13] [215/2439] 2507.19108 ok: 73 examples (141839 chars)
[03:53:14] [216/2439] 2501.03001 ok: 4 examples (35681 chars)
[03:53:15] [217/2439] 1603.03757 ok: 27 examples (63699 chars)
[03:53:15] [218/2439] 2501.02626 ok: 15 examples (65397 chars)
[03:53:17] [219/2439] 2206.05243 ok: 79 examples (218434 chars)
[03:53:20] [220/2439] 2601.12874 ok: 132 examples (229911 chars)
[03:53:22] [221/2439] 2510.07495 ok: 35 examples (130016 chars)
[03:53:23] [222/2439] 2512.09374 ok: 27 examples (134694 chars)
[03:53:24] [223/2439] 2210.12289 ok: 18 examples (90744 chars)
[03:53:26] [224/2439] 2603.28265 ok: 46 examples (208203 chars)
[03:53:27] [225/2439] 2607.13217 ok: 29 examples (120419 chars)
[03:53:28] [226/2439] cs/0506068 ok: 13 examples (85726 chars)
[03:53:28] [227/2439] 2606.26012 ok: 15 examples (94787 chars)
[03:53:29] [228/2439] 2403.03933 ok: 31 examples (38415 chars)
[03:53:29] [229/2439] 1509.09271 ok: 15 examples (63318 chars)
[03:53:31] [230/2439] 2108.04587 ok: 79 examples (123225 chars)
[03:53:33] [231/2439] 2505.08496 ok: 47 examples (152567 chars)
[03:53:33] [232/2439] 2512.08149 ok: 13 examples (36187 chars)
[03:53:35] [233/2439] 2501.08905 ok: 37 examples (140988 chars)
[03:53:35] [234/2439] 1510.08417 ok: 17 examples (43703 chars)
[03:53:36] [235/2439] 2502.13065 ok: 24 examples (85097 chars)
[03:53:39] [236/2439] 2012.01920 ok: 55 examples (284820 chars)
[03:53:39] [237/2439] 2602.10206 ok: 8 examples (66356 chars)
[03:53:40] [238/2439] 2410.11557 ok: 41 examples (98596 chars)
[03:53:42] [239/2439] 2404.08870 ok: 69 examples (164727 chars)
[03:53:43] [240/2439] 2206.05086 ok: 26 examples (105475 chars)
[03:53:45] [241/2439] 2604.21531 ok: 34 examples (122135 chars)
[03:53:45] [242/2439] 2607.28062 ok: 22 examples (109247 chars)
[03:53:46] [243/2439] 2604.11952 ok: 20 examples (77461 chars)
[03:53:47] [244/2439] 2607.03189 ok: 71 examples (150132 chars)
[03:53:50] [245/2439] 2403.06704 ok: 115 examples (314942 chars)
[03:53:52] [246/2439] 1409.3182 ok: 32 examples (114892 chars)
[03:53:52] [247/2439] 2006.10957 ok: 14 examples (61478 chars)
[03:53:53] [248/2439] 2507.11291 ok: 21 examples (73984 chars)
[03:54:02] [249/2439] 2402.00791 ok: 67 examples (629480 chars)
[03:54:02] [250/2439] 2504.18868 ok: 9 examples (103881 chars)
[03:54:04] [251/2439] 1406.3065 ok: 41 examples (111686 chars)
[03:54:10] [252/2439] 2502.13830 ok: 85 examples (566822 chars)
[03:54:11] [253/2439] 2012.14095 ok: 28 examples (109781 chars)
[03:54:12] [254/2439] 2602.12209 ok: 13 examples (73164 chars)
[03:54:12] [255/2439] 2410.20935 ok: 26 examples (52105 chars)
[03:54:14] [256/2439] 2409.04549 ok: 60 examples (87831 chars)
[03:54:15] [257/2439] 2102.11854 ok: 23 examples (68988 chars)
[03:54:15] [258/2439] 2605.06398 ok: 21 examples (79831 chars)
[03:54:16] [259/2439] 2608.00203 ok: 30 examples (102142 chars)
[03:54:18] [260/2439] 2607.03561 ok: 37 examples (131579 chars)
[03:54:19] [261/2439] 2607.14779 ok: 49 examples (135122 chars)
[03:54:21] [262/2439] 2404.16722 ok: 53 examples (193421 chars)
[03:54:21] [263/2439] 1206.0717 ok: 6 examples (33196 chars)
[03:54:22] [264/2439] 2008.07003 ok: 32 examples (163103 chars)
[03:54:24] [265/2439] 2507.11484 ok: 34 examples (155312 chars)
[03:54:25] [266/2439] 2405.18439 ok: 9 examples (27247 chars)
[03:54:25] [267/2439] 2507.22819 pdf-only: 0 examples (0 chars)
[03:54:26] [268/2439] 1302.3308 ok: 34 examples (65421 chars)
[03:54:27] [269/2439] 2503.21951 ok: 34 examples (147300 chars)
[03:54:29] [270/2439] 2012.02210 ok: 64 examples (146309 chars)
[03:54:32] [271/2439] 2604.08731 ok: 65 examples (182765 chars)
[03:54:34] [272/2439] 2410.21223 ok: 95 examples (230123 chars)
[03:54:35] [273/2439] 2411.10179 ok: 27 examples (82260 chars)
[03:54:37] [274/2439] 2002.07054 ok: 56 examples (164527 chars)
[03:54:37] [275/2439] 2605.25303 ok: 14 examples (107795 chars)
[03:54:39] [276/2439] 2608.00333 ok: 35 examples (149188 chars)
[03:54:40] [277/2439] 2501.05500 ok: 6 examples (89868 chars)
[03:54:40] [278/2439] 2608.04446 ok: 8 examples (55209 chars)
[03:54:41] [279/2439] 2406.10476 ok: 46 examples (144495 chars)
[03:54:42] [280/2439] 1112.5855 ok: 7 examples (32345 chars)
[03:54:43] [281/2439] 1905.06394 ok: 28 examples (155933 chars)
[03:54:45] [283/2439] 2407.19608 ok: 49 examples (163364 chars)
[03:54:46] [284/2439] 2508.10204 ok: 5 examples (103505 chars)
[03:54:47] [285/2439] 1304.6333 ok: 26 examples (122439 chars)
[03:54:48] [286/2439] 2504.01899 ok: 45 examples (109397 chars)
[03:54:50] [287/2439] 1906.08890 ok: 55 examples (160513 chars)
[03:54:51] [288/2439] 2604.10819 ok: 36 examples (121750 chars)
[03:54:53] [289/2439] 2410.23811 ok: 73 examples (240715 chars)
[03:54:55] [290/2439] 2407.15499 ok: 23 examples (130118 chars)
[03:55:00] [291/2439] 2002.09451 ok: 106 examples (284204 chars)
[03:55:00] [292/2439] 2606.25875 ok: 24 examples (58909 chars)
[03:55:01] [293/2439] 2608.05331 ok: 6 examples (47353 chars)
[03:55:01] [294/2439] 2503.21400 ok: 24 examples (50608 chars)
[03:55:02] [295/2439] 2501.15952 ok: 32 examples (119302 chars)
[03:55:06] [296/2439] 2411.15515 ok: 90 examples (308084 chars)
[03:55:06] [297/2439] 1111.5247 ok: 22 examples (57100 chars)
[03:55:10] [298/2439] 1912.04177 ok: 54 examples (266384 chars)
[03:55:11] [299/2439] 2509.06435 ok: 41 examples (101227 chars)
[03:55:11] [300/2439] 2207.09226 ok: 21 examples (50851 chars)
[03:55:12] [301/2439] 2510.11550 ok: 12 examples (82255 chars)
[03:55:14] [302/2439] 1209.2408 ok: 45 examples (130679 chars)
[03:55:15] [303/2439] 2504.18640 ok: 65 examples (142794 chars)
[03:55:17] [304/2439] 1806.06290 ok: 70 examples (172250 chars)
[03:55:18] [305/2439] 2605.09547 ok: 35 examples (125494 chars)
[03:55:19] [306/2439] 2411.04718 ok: 22 examples (120410 chars)
[03:55:21] [307/2439] 2304.06853 ok: 38 examples (207257 chars)
[03:55:22] [308/2439] 2007.03859 ok: 11 examples (83896 chars)
[03:55:23] [309/2439] 2606.25887 ok: 74 examples (133939 chars)
[03:55:25] [310/2439] 2606.10408 ok: 57 examples (179587 chars)
[03:55:30] [311/2439] 2504.00346 ok: 106 examples (313815 chars)
[03:55:30] [312/2439] 2505.10789 ok: 20 examples (51988 chars)
[03:55:31] [313/2439] 2305.19320 ok: 40 examples (132436 chars)
[03:55:31] [314/2439] 1005.1601 ok: 12 examples (44478 chars)
[03:55:32] [315/2439] 1810.08873 ok: 2 examples (21410 chars)
[03:55:34] [316/2439] 2510.04918 ok: 72 examples (186754 chars)
[03:55:34] [317/2439] 2003.13715 ok: 0 examples (33461 chars)
[03:55:35] [318/2439] 2510.15712 ok: 23 examples (88859 chars)
[03:55:36] [319/2439] 1204.4379 ok: 12 examples (63573 chars)
[03:55:36] [320/2439] 2505.06725 ok: 15 examples (90750 chars)
[03:55:38] [321/2439] 1710.09806 ok: 32 examples (134701 chars)
[03:55:38] [322/2439] 2606.03249 ok: 23 examples (81175 chars)
[03:55:40] [323/2439] 2302.08083 ok: 64 examples (113541 chars)
[03:55:41] [324/2439] 2305.02154 ok: 13 examples (102062 chars)
[03:55:42] [325/2439] 1909.06201 ok: 32 examples (120218 chars)
[03:55:43] [326/2439] 2607.00857 ok: 9 examples (63159 chars)
[03:55:44] [327/2439] 2605.09815 ok: 40 examples (111345 chars)
[03:55:44] [328/2439] 2508.21020 ok: 8 examples (43046 chars)
[03:55:45] [329/2439] 2506.17066 ok: 45 examples (104320 chars)
[03:55:46] [330/2439] 2306.00125 ok: 18 examples (179315 chars)
[03:55:47] [331/2439] 1011.3020 ok: 26 examples (71139 chars)
[03:55:47] [332/2439] 1702.04067 ok: 18 examples (68548 chars)
[03:55:48] [333/2439] 2510.16336 ok: 9 examples (42424 chars)
[03:55:48] [334/2439] 1909.05828 ok: 25 examples (67909 chars)
[03:55:48] [335/2439] 2512.02808 ok: 5 examples (10065 chars)
[03:55:51] [336/2439] 1111.0663 ok: 78 examples (206350 chars)
[03:55:52] [338/2439] 1611.05754 ok: 51 examples (116032 chars)
[03:55:53] [339/2439] 2606.25192 ok: 9 examples (34365 chars)
[03:55:53] [340/2439] 2303.16287 ok: 13 examples (18322 chars)
[03:55:54] [341/2439] 2305.15297 ok: 31 examples (66934 chars)
[03:55:55] [342/2439] 1901.04237 ok: 27 examples (86419 chars)
[03:55:55] [343/2439] 2607.01671 ok: 14 examples (101380 chars)
[03:55:56] [344/2439] 2505.05253 ok: 23 examples (104273 chars)
[03:55:57] [345/2439] 2509.15319 ok: 20 examples (77672 chars)
[03:55:58] [346/2439] 2508.10550 ok: 16 examples (97700 chars)
[03:55:59] [347/2439] 2311.00558 ok: 38 examples (175846 chars)
[03:55:59] [348/2439] 1007.2899 ok: 4 examples (23053 chars)
[03:56:00] [349/2439] 1605.00089 ok: 21 examples (71094 chars)
[03:56:05] [350/2439] 2510.18177 ok: 90 examples (282943 chars)
[03:56:06] [351/2439] 1701.05039 ok: 7 examples (56008 chars)
[03:56:06] [352/2439] 2507.23345 ok: 30 examples (67040 chars)
[03:56:07] [353/2439] 0902.2300 ok: 30 examples (54157 chars)
[03:56:07] [354/2439] 2507.22265 ok: 23 examples (95332 chars)
[03:56:08] [355/2439] 1511.07860 ok: 19 examples (68132 chars)
[03:56:09] [356/2439] 2607.08517 ok: 17 examples (76099 chars)
[03:56:10] [357/2439] 2303.16705 ok: 27 examples (187398 chars)
[03:56:11] [358/2439] 2308.09549 ok: 43 examples (103177 chars)
[03:56:13] [359/2439] 1802.09377 ok: 55 examples (237220 chars)
[03:56:15] [360/2439] 2607.07366 ok: 59 examples (128788 chars)
[03:56:18] [361/2439] 2506.05495 ok: 58 examples (237920 chars)
[03:56:20] [362/2439] 2509.20350 ok: 60 examples (173370 chars)
[03:56:20] [363/2439] 2508.10562 ok: 12 examples (37952 chars)
[03:56:21] [364/2439] 2102.05019 ok: 32 examples (108177 chars)
[03:56:21] [365/2439] quant-ph/0312003 ok: 13 examples (101015 chars)
[03:56:23] [366/2439] 1607.03084 ok: 40 examples (125897 chars)
[03:56:24] [367/2439] 2406.06821 ok: 18 examples (96762 chars)
[03:56:25] [368/2439] 1709.01805 ok: 26 examples (116000 chars)
[03:56:26] [369/2439] 2402.04971 ok: 20 examples (119340 chars)
[03:56:31] [370/2439] 0810.3163 ok: 10 examples (220175 chars)
[03:56:33] [371/2439] 2508.07619 ok: 60 examples (146363 chars)
[03:56:34] [372/2439] quant-ph/0611054 ok: 26 examples (88870 chars)
[03:56:34] 2607.12250: EOFError: Compressed file ended before the end-of-stream marker was reached
[03:56:34] [373/2439] 2607.12250 error: 0 examples (0 chars)
[03:56:35] [374/2439] 2307.03446 ok: 35 examples (58212 chars)
[03:56:35] [375/2439] 2310.12913 ok: 31 examples (118376 chars)
[03:56:37] [376/2439] 1703.10840 ok: 26 examples (108669 chars)
[03:56:37] [377/2439] 2501.02886 ok: 9 examples (22639 chars)
[03:56:38] [378/2439] 2506.12021 ok: 15 examples (58928 chars)
[03:56:44] [379/2439] 2510.07162 ok: 143 examples (749721 chars)
[03:56:45] [380/2439] 2509.25445 ok: 40 examples (72874 chars)
[03:56:46] [381/2439] 2105.07525 ok: 12 examples (39956 chars)
[03:56:47] [382/2439] 2602.00754 ok: 53 examples (95245 chars)
[03:56:47] [383/2439] 1609.04342 ok: 17 examples (34443 chars)
[03:56:49] [384/2439] 2407.03934 ok: 91 examples (219722 chars)
[03:56:50] [385/2439] 1602.03050 ok: 27 examples (67364 chars)
[03:56:51] [386/2439] 2402.07061 ok: 30 examples (105295 chars)
[03:56:53] [387/2439] 2601.00387 ok: 46 examples (132048 chars)
[03:56:56] [388/2439] 2509.20697 ok: 80 examples (312488 chars)
[03:56:56] [389/2439] 2601.04072 ok: 0 examples (7308 chars)
[03:56:57] [390/2439] 2607.27181 ok: 8 examples (87429 chars)
[03:56:58] [391/2439] 2307.16078 ok: 13 examples (58600 chars)
[03:56:59] [392/2439] 2311.11663 ok: 56 examples (143348 chars)
[03:57:03] [393/2439] 1704.01914 ok: 139 examples (359122 chars)
[03:57:04] [394/2439] 2501.04377 ok: 34 examples (93750 chars)
[03:57:04] [395/2439] 2506.19792 ok: 27 examples (82285 chars)
[03:57:06] [396/2439] 2510.15268 ok: 40 examples (60268 chars)
[03:57:06] [397/2439] 2510.00832 ok: 34 examples (110892 chars)
[03:57:08] [398/2439] 2105.07531 ok: 43 examples (122921 chars)
[03:57:08] [399/2439] 2602.03605 ok: 30 examples (106855 chars)
[03:57:09] [400/2439] 1503.07691 ok: 22 examples (52837 chars)
[03:57:10] [401/2439] 2409.05046 ok: 29 examples (73312 chars)
[03:57:10] [402/2439] 1401.2199 ok: 0 examples (15657 chars)
[03:57:11] [403/2439] 2405.03518 ok: 1 examples (62723 chars)
[03:57:12] [404/2439] 2601.03020 ok: 40 examples (121245 chars)
[03:57:14] [405/2439] 2510.04448 ok: 48 examples (150137 chars)
[03:57:15] [406/2439] 2602.08630 ok: 15 examples (53830 chars)
[03:57:16] [407/2439] 2608.01812 ok: 21 examples (69871 chars)
[03:57:17] [408/2439] 2310.00514 ok: 33 examples (87176 chars)
[03:57:17] [409/2439] 2312.14023 ok: 18 examples (62998 chars)
[03:57:18] [410/2439] 1706.03451 ok: 22 examples (58431 chars)
[03:57:18] [411/2439] 2501.04859 ok: 9 examples (36275 chars)
[03:57:19] [412/2439] 2507.01192 ok: 13 examples (35428 chars)
[03:57:20] [413/2439] 2511.02262 ok: 36 examples (101626 chars)
[03:57:21] [414/2439] 2510.05806 ok: 40 examples (165903 chars)
[03:57:22] [415/2439] 2111.05698 ok: 25 examples (155375 chars)
[03:57:24] [416/2439] 2602.09385 ok: 64 examples (148261 chars)
[03:57:25] [417/2439] 1506.06399 ok: 19 examples (53023 chars)
[03:57:26] [418/2439] 2409.07208 ok: 21 examples (79689 chars)
[03:57:26] [419/2439] 1403.4459 ok: 0 examples (48592 chars)
[03:57:28] [420/2439] 2406.08847 ok: 37 examples (131991 chars)
[03:57:30] [421/2439] 2601.09343 ok: 86 examples (235647 chars)
[03:57:31] [422/2439] 2510.05262 ok: 23 examples (87948 chars)
[03:57:37] [423/2439] 2602.09302 ok: 104 examples (401043 chars)
[03:57:38] [424/2439] 2608.04141 ok: 30 examples (101336 chars)
[03:57:38] [425/2439] 2312.07658 ok: 26 examples (136991 chars)
[03:57:40] [426/2439] 2204.11469 ok: 35 examples (151120 chars)
[03:57:41] [427/2439] 1602.04353 ok: 17 examples (55491 chars)
[03:57:42] [428/2439] 2502.12000 ok: 53 examples (162854 chars)
[03:57:44] [429/2439] 2508.00276 ok: 27 examples (150582 chars)
[03:57:46] [430/2439] 2511.22122 ok: 32 examples (169984 chars)
[03:57:48] [431/2439] 2511.14975 ok: 31 examples (192894 chars)
[03:57:49] [432/2439] 2006.09705 ok: 41 examples (127913 chars)
[03:57:49] [433/2439] 2602.11042 ok: 18 examples (83535 chars)
[03:57:49] [434/2439] 1405.0524 ok: 7 examples (31806 chars)
[03:57:50] [435/2439] 2412.01143 ok: 31 examples (87318 chars)
[03:57:51] [436/2439] 1409.6792 ok: 11 examples (60816 chars)
[03:57:52] [437/2439] 2408.17283 ok: 48 examples (129494 chars)
[03:57:54] [438/2439] 2601.16923 ok: 76 examples (236107 chars)
[03:57:56] [439/2439] 2510.06321 ok: 35 examples (134802 chars)
[03:57:56] [440/2439] 2602.10030 ok: 35 examples (73433 chars)
[03:57:57] [441/2439] 2503.11108 ok: 32 examples (77715 chars)
[03:57:58] [442/2439] 2304.01438 ok: 20 examples (60838 chars)
[03:57:59] [443/2439] 2208.07572 ok: 53 examples (138179 chars)
[03:58:01] [444/2439] 1501.01598 ok: 73 examples (173371 chars)
[03:58:02] [445/2439] 2505.10201 ok: 40 examples (133326 chars)
[03:58:04] [446/2439] 2509.18057 ok: 41 examples (167218 chars)
[03:58:05] [447/2439] 2512.11597 ok: 35 examples (121441 chars)
[03:58:08] [448/2439] 2512.13210 ok: 81 examples (300416 chars)
[03:58:09] [449/2439] 2007.14835 ok: 13 examples (78028 chars)
[03:58:10] [450/2439] 2603.02656 ok: 58 examples (112520 chars)
[03:58:11] [451/2439] 1411.3419 ok: 19 examples (40305 chars)
[03:58:12] [452/2439] 2412.02639 ok: 14 examples (92895 chars)
[03:58:12] [453/2439] 1303.1691 ok: 11 examples (60887 chars)
[03:58:12] [454/2439] 2409.07398 ok: 17 examples (67483 chars)
[03:58:12] [455/2439] 2602.13449 pdf-only: 0 examples (0 chars)
[03:58:16] [456/2439] 2510.07250 ok: 36 examples (318810 chars)
[03:58:17] [457/2439] 2602.17942 ok: 25 examples (84370 chars)
[03:58:17] [458/2439] 2503.24351 ok: 17 examples (56139 chars)
[03:58:27] [459/2439] 2210.07383 ok: 1122 examples (1671812 chars)
[03:58:28] [460/2439] 2203.14614 ok: 23 examples (102518 chars)
[03:58:29] [461/2439] 1503.00368 ok: 12 examples (61790 chars)
[03:58:30] [462/2439] 2505.11892 ok: 29 examples (60087 chars)
[03:58:31] [463/2439] 2510.03477 ok: 45 examples (116623 chars)
[03:58:33] [464/2439] 2503.20071 ok: 56 examples (178532 chars)
[03:58:34] [465/2439] 2502.00434 ok: 47 examples (116481 chars)
[03:58:35] [466/2439] 1911.00403 ok: 21 examples (68430 chars)
[03:58:37] [467/2439] 2603.06644 ok: 0 examples (278438 chars)
[03:58:37] [468/2439] 1406.0073 ok: 13 examples (32977 chars)
[03:58:38] [469/2439] 2302.05707 ok: 40 examples (165601 chars)
[03:58:39] [470/2439] 1204.5508 ok: 37 examples (137178 chars)
[03:58:42] [471/2439] 2411.04392 ok: 79 examples (222639 chars)
[03:58:43] [472/2439] 2602.20832 ok: 35 examples (96706 chars)
[03:58:43] [473/2439] 2510.15721 ok: 18 examples (49161 chars)
[03:58:44] [474/2439] 2602.19934 ok: 55 examples (140556 chars)
[03:58:47] [475/2439] 2504.07006 ok: 67 examples (255510 chars)
[03:58:48] [476/2439] 2211.03917 ok: 13 examples (93814 chars)
[03:58:50] [477/2439] 2212.04207 ok: 26 examples (133676 chars)
[03:58:50] [478/2439] 1512.07459 ok: 5 examples (63133 chars)
[03:58:51] [479/2439] 2505.15992 ok: 28 examples (48033 chars)
[03:58:52] [480/2439] 2511.04125 ok: 40 examples (83973 chars)
[03:58:54] [481/2439] 2402.06093 ok: 6 examples (122272 chars)
[03:58:55] [482/2439] 2404.03979 ok: 12 examples (68757 chars)
[03:58:56] [483/2439] 1807.11419 ok: 32 examples (160147 chars)
[03:58:57] [484/2439] 2603.28527 ok: 21 examples (157987 chars)
[03:58:57] [485/2439] 1402.5078 ok: 11 examples (34209 chars)
[03:58:58] [486/2439] 2303.04555 ok: 28 examples (80788 chars)
[03:59:00] [487/2439] 0812.1385 ok: 50 examples (128252 chars)
[03:59:01] [488/2439] 2302.06607 ok: 10 examples (145024 chars)
[03:59:02] [489/2439] 2603.11332 ok: 41 examples (155079 chars)
[03:59:03] [490/2439] 2512.07127 ok: 9 examples (93184 chars)
[03:59:05] [491/2439] 2602.22619 ok: 38 examples (173537 chars)
[03:59:05] [492/2439] 2505.16457 ok: 13 examples (43212 chars)
[03:59:06] [493/2439] 2004.13149 ok: 38 examples (63987 chars)
[03:59:07] [494/2439] 2106.02981 ok: 34 examples (122299 chars)
[03:59:07] [495/2439] 1405.2447 ok: 32 examples (76591 chars)
[03:59:11] [496/2439] 2506.01645 ok: 67 examples (296125 chars)
[03:59:12] [497/2439] 2511.04308 ok: 0 examples (23710 chars)
[03:59:13] [498/2439] 2404.00926 ok: 44 examples (168217 chars)
[03:59:14] [499/2439] 2407.02898 ok: 41 examples (114686 chars)
[03:59:15] [500/2439] 1811.01351 ok: 23 examples (76011 chars)
[03:59:15] [508/2439] 2603.09379 ok: 1 examples (11751 chars)
[03:59:16] extract: {'ok': 495, 'not-fetched': 1941, 'pdf-only': 2, 'error': 1}; 18641 examples over 501 papers
